[INFO] Processing batch 1
[INFO] Memory: 0.03 GB
[LAUNCH] /home/kristen/miniconda3/bin/python3 -u -m seasonal_comparison.timestamp_batch_worker /tmp/tmpb1dnszn7.json
[WORKER] mpl version: 3.10.5 backend: Agg
[WORKER] cv2 version: 4.12.0
[WORKER] starting
[INFO] Precomputing timestamps...
[WORKER] 3 timestamps in batch
[WORKER] processing idx=0 ts=1650824650.014668

[1/4721] Processing timestamp 1650824650.014668
WARN: These are not the same order of magnitude ... trying to correct
closest_timestamp:  1650824650014667987
timestamp: 1.650824650014668e+18
delta:  0.0
[INFO] Looking for overlapping frames...
[DEBUG] Found 2421 overlapping May frames
[DEBUG] Found 0 overlapping left frames
[DEBUG] Found 0 overlapping right frames
[WARN] NO FRAMES!
output_path:  ./no_frames/1650824650.014668-no_frames.png
no frames ... returning
[WORKER] done ts=1650824650.014668
[WORKER] processing idx=1 ts=1650824650.214701

[2/4721] Processing timestamp 1650824650.214701
WARN: These are not the same order of magnitude ... trying to correct
closest_timestamp:  1650824650214700937
timestamp: 1.650824650214701e+18
delta:  0.0
[INFO] Looking for overlapping frames...
[DEBUG] Found 2421 overlapping May frames
[DEBUG] Found 0 overlapping left frames
[DEBUG] Found 0 overlapping right frames
[WARN] NO FRAMES!
output_path:  ./no_frames/1650824650.214701-no_frames.png
no frames ... returning
[WORKER] done ts=1650824650.214701
[WORKER] processing idx=2 ts=1650824650.414594

[3/4721] Processing timestamp 1650824650.414594
WARN: These are not the same order of magnitude ... trying to correct
closest_timestamp:  1650824650414593935
timestamp: 1.650824650414594e+18
delta:  0.0
[INFO] Looking for overlapping frames...
[DEBUG] Found 2421 overlapping May frames
[DEBUG] Found 0 overlapping left frames
[DEBUG] Found 0 overlapping right frames
[WARN] NO FRAMES!
output_path:  ./no_frames/1650824650.414594-no_frames.png
no frames ... returning
[WORKER] done ts=1650824650.414594
[WORKER] batch complete
[INFO] End of batch process
[INFO] Processing batch 2
[INFO] Memory: 0.03 GB
[LAUNCH] /home/kristen/miniconda3/bin/python3 -u -m seasonal_comparison.timestamp_batch_worker /tmp/tmpdvl5jqas.json
[WORKER] mpl version: 3.10.5 backend: Agg
[WORKER] cv2 version: 4.12.0
[WORKER] starting
[INFO] Precomputing timestamps...
[WORKER] 3 timestamps in batch
[WORKER] processing idx=0 ts=1650824650.614639

[1/4721] Processing timestamp 1650824650.614639
WARN: These are not the same order of magnitude ... trying to correct
closest_timestamp:  1650824650614639043
timestamp: 1.650824650614639e+18
delta:  0.0
[INFO] Looking for overlapping frames...
[DEBUG] Found 2421 overlapping May frames
[DEBUG] Found 0 overlapping left frames
[DEBUG] Found 0 overlapping right frames
[WARN] NO FRAMES!
output_path:  ./no_frames/1650824650.614639-no_frames.png
no frames ... returning
[WORKER] done ts=1650824650.614639
[WORKER] processing idx=1 ts=1650824650.814922

[2/4721] Processing timestamp 1650824650.814922
WARN: These are not the same order of magnitude ... trying to correct
closest_timestamp:  1650824650814922094
timestamp: 1.650824650814922e+18
delta:  0.0
[INFO] Looking for overlapping frames...
[DEBUG] Found 2421 overlapping May frames
[DEBUG] Found 0 overlapping left frames
[DEBUG] Found 0 overlapping right frames
[WARN] NO FRAMES!
output_path:  ./no_frames/1650824650.814922-no_frames.png
no frames ... returning
[WORKER] done ts=1650824650.814922
[WORKER] processing idx=2 ts=1650824651.014658

[3/4721] Processing timestamp 1650824651.014658
WARN: These are not the same order of magnitude ... trying to correct
closest_timestamp:  1650824651014657974
timestamp: 1.650824651014658e+18
delta:  0.0
[INFO] Looking for overlapping frames...
[DEBUG] Found 2421 overlapping May frames
[DEBUG] Found 0 overlapping left frames
[DEBUG] Found 0 overlapping right frames
[WARN] NO FRAMES!
output_path:  ./no_frames/1650824651.014658-no_frames.png
no frames ... returning
[WORKER] done ts=1650824651.014658
[WORKER] batch complete
[INFO] End of batch process
[INFO] Processing batch 3
[INFO] Memory: 0.03 GB
[LAUNCH] /home/kristen/miniconda3/bin/python3 -u -m seasonal_comparison.timestamp_batch_worker /tmp/tmpwganqunm.json
[WORKER] mpl version: 3.10.5 backend: Agg
[WORKER] cv2 version: 4.12.0
[WORKER] starting
[INFO] Precomputing timestamps...
[WORKER] 3 timestamps in batch
[WORKER] processing idx=0 ts=1650824651.214612

[1/4721] Processing timestamp 1650824651.214612
WARN: These are not the same order of magnitude ... trying to correct
closest_timestamp:  1650824651214612007
timestamp: 1.650824651214612e+18
delta:  0.0
[INFO] Looking for overlapping frames...
[DEBUG] Found 2421 overlapping May frames
[DEBUG] Found 0 overlapping left frames
[DEBUG] Found 0 overlapping right frames
[WARN] NO FRAMES!
output_path:  ./no_frames/1650824651.214612-no_frames.png
no frames ... returning
[WORKER] done ts=1650824651.214612
[WORKER] processing idx=1 ts=1650824651.414604

[2/4721] Processing timestamp 1650824651.414604
WARN: These are not the same order of magnitude ... trying to correct
closest_timestamp:  1650824651414603948
timestamp: 1.650824651414604e+18
delta:  0.0
[INFO] Looking for overlapping frames...
[DEBUG] Found 2421 overlapping May frames
